orig shape: [2, 3] transposed shape: [3, 2] 4.0 2.0