=== Advanced Data Structures === Matrix: [[1, 2, 3], [4, 5, 6], [7, 8, 9]] First row: [1, 2, 3] Element [1][1]: 5 Value: 5 === Higher-Order Functions === Composed function result: 12 === Performance Showcase === Processing 20 numbers... Processed: [1, 5, 11, 19, 29, 41, 55, 71, 89, 109, 131, 155, 181, 209, 239, 271, 305, 341, 379, 419] Total: 3060