Hello, TONG World!
The ultimate programming language is here!
Language: TONG
Version: 1.0
Awesome: true
