idx0 10 idx1 20 m_1_0 3 make 11 blockVal 22 blockIdx 200