=== TONG Mathematical Computing === a = 42 b = 17 a + b = 59 a - b = 25 a * b = 714 a / b = 2.4705882352941178 a % b = 8 factorial(5) = 120 power(2, 8) = 16 Numbers: [1, 2, 3, 4, 5, 6, 7, 8, 9, 10] Sum: 55 Length: 10 Squares: [1, 4, 9, 16, 25, 36, 49, 64, 81, 100] Cubes: [1, 8, 27, 64, 125, 216, 343, 512, 729, 1000]