=== N-Body (3-body) Simulation === Initial Energy: -0.004545744042424933 Final positions: 1: 0.0028346813097189236 0.0009616791348927277 0.0 2: 2.4887124602850186 4.289217900315254 0.0 3: 8.634408083412973 3.936577608807917 0.0 Energy: -0.004545744063619714