=== TONG Parallel Computing Demo === Original numbers: [1, 2, 3, 4, 5, 6, 7, 8, 9, 10] Squared: [1, 4, 9, 16, 25, 36, 49, 64, 81, 100] Doubled: [2, 4, 6, 8, 10, 12, 14, 16, 18, 20] Sum: 55 Manual parallel block demonstration Parallel results: 109 419 929 === Performance Demo === Processing 20 numbers in parallel... Processed results: [1, 5, 11, 19, 29, 41, 55, 71, 89, 109, 131, 155, 181, 209, 239, 271, 305, 341, 379, 419] Total sum: 3060