shape: [2, 3] rank: 2 (0,0): 1.0 matmul shape: [2, 2] 5.0 11.0 11.0 25.0