MB/s copy: 0.00000032
MB/s scale: 0.00000032
MB/s add: 0.0000004800000000000001
MB/s triad: 0.0000004800000000000001
