whetstone_res: 428213.3414753243
whetstone_ms: 5599
