zeros shape: [2, 3]
ones rank: 2
element (1,2) zeros: 0.0
element (0,0) ones: 1.0
